// Jest Snapshot v1, https://goo.gl/fbAQLP

exports[`renders user data 1`] = `
<Fragment>
  <ForwardRef(TreeView)
    aria-label="rich object"
    defaultCollapseIcon={<Memo />}
    defaultExpandIcon={<Memo />}
    defaultExpanded={
      Array [
        "root",
      ]
    }
    onNodeSelect={[Function]}
    sx={
      Object {
        "flexGrow": 1,
        "height": 500,
        "maxWidth": 500,
        "overflowY": "auto",
      }
    }
  />
  <ForwardRef(Button)
    color="secondary"
    onClick={[Function]}
    variant="outlined"
  >
    <Memo(ForwardRef(DownloadIcon)) />
    Download
  </ForwardRef(Button)>
</Fragment>
`;
